==5069== Memcheck, a memory error detector
==5069== Copyright (C) 2002-2017, and GNU GPL'd, by Julian Seward et al.
==5069== Using Valgrind-3.13.0 and LibVEX; rerun with -h for copyright info
==5069== Command: ./lab3
==5069== 
==5069== Invalid write of size 1
==5069==    at 0x4C34E0D: strcpy (in /usr/lib/valgrind/vgpreload_memcheck-amd64-linux.so)
==5069==    by 0x108A2A: create_node (in /home/sophie/cpsc259/lab3/lab3)
==5069==    by 0x10883F: main (in /home/sophie/cpsc259/lab3/lab3)
==5069==  Address 0x522f0b9 is 0 bytes after a block of size 9 alloc'd
==5069==    at 0x4C31B0F: malloc (in /usr/lib/valgrind/vgpreload_memcheck-amd64-linux.so)
==5069==    by 0x108A13: create_node (in /home/sophie/cpsc259/lab3/lab3)
==5069==    by 0x10883F: main (in /home/sophie/cpsc259/lab3/lab3)
==5069== 
==5069== Invalid write of size 1
==5069==    at 0x4C34E0D: strcpy (in /usr/lib/valgrind/vgpreload_memcheck-amd64-linux.so)
==5069==    by 0x108A61: create_node (in /home/sophie/cpsc259/lab3/lab3)
==5069==    by 0x10883F: main (in /home/sophie/cpsc259/lab3/lab3)
==5069==  Address 0x522f109 is 0 bytes after a block of size 9 alloc'd
==5069==    at 0x4C31B0F: malloc (in /usr/lib/valgrind/vgpreload_memcheck-amd64-linux.so)
==5069==    by 0x108A4A: create_node (in /home/sophie/cpsc259/lab3/lab3)
==5069==    by 0x10883F: main (in /home/sophie/cpsc259/lab3/lab3)
==5069== 
==5069== Invalid write of size 1
==5069==    at 0x4C34E0D: strcpy (in /usr/lib/valgrind/vgpreload_memcheck-amd64-linux.so)
==5069==    by 0x108A2A: create_node (in /home/sophie/cpsc259/lab3/lab3)
==5069==    by 0x1088A7: main (in /home/sophie/cpsc259/lab3/lab3)
==5069==  Address 0x522f1c7 is 0 bytes after a block of size 7 alloc'd
==5069==    at 0x4C31B0F: malloc (in /usr/lib/valgrind/vgpreload_memcheck-amd64-linux.so)
==5069==    by 0x108A13: create_node (in /home/sophie/cpsc259/lab3/lab3)
==5069==    by 0x1088A7: main (in /home/sophie/cpsc259/lab3/lab3)
==5069== 
==5069== Invalid write of size 1
==5069==    at 0x4C34E0D: strcpy (in /usr/lib/valgrind/vgpreload_memcheck-amd64-linux.so)
==5069==    by 0x108A61: create_node (in /home/sophie/cpsc259/lab3/lab3)
==5069==    by 0x1088A7: main (in /home/sophie/cpsc259/lab3/lab3)
==5069==  Address 0x522f217 is 0 bytes after a block of size 7 alloc'd
==5069==    at 0x4C31B0F: malloc (in /usr/lib/valgrind/vgpreload_memcheck-amd64-linux.so)
==5069==    by 0x108A4A: create_node (in /home/sophie/cpsc259/lab3/lab3)
==5069==    by 0x1088A7: main (in /home/sophie/cpsc259/lab3/lab3)
==5069== 
==5069== Invalid write of size 1
==5069==    at 0x4C34E0D: strcpy (in /usr/lib/valgrind/vgpreload_memcheck-amd64-linux.so)
==5069==    by 0x108A2A: create_node (in /home/sophie/cpsc259/lab3/lab3)
==5069==    by 0x108903: main (in /home/sophie/cpsc259/lab3/lab3)
==5069==  Address 0x522f2dd is 0 bytes after a block of size 13 alloc'd
==5069==    at 0x4C31B0F: malloc (in /usr/lib/valgrind/vgpreload_memcheck-amd64-linux.so)
==5069==    by 0x108A13: create_node (in /home/sophie/cpsc259/lab3/lab3)
==5069==    by 0x108903: main (in /home/sophie/cpsc259/lab3/lab3)
==5069== 
==5069== Invalid write of size 1
==5069==    at 0x4C34E0D: strcpy (in /usr/lib/valgrind/vgpreload_memcheck-amd64-linux.so)
==5069==    by 0x108A61: create_node (in /home/sophie/cpsc259/lab3/lab3)
==5069==    by 0x108903: main (in /home/sophie/cpsc259/lab3/lab3)
==5069==  Address 0x522f327 is 0 bytes after a block of size 7 alloc'd
==5069==    at 0x4C31B0F: malloc (in /usr/lib/valgrind/vgpreload_memcheck-amd64-linux.so)
==5069==    by 0x108A4A: create_node (in /home/sophie/cpsc259/lab3/lab3)
==5069==    by 0x108903: main (in /home/sophie/cpsc259/lab3/lab3)
==5069== 
==5069== Invalid write of size 1
==5069==    at 0x4C34E0D: strcpy (in /usr/lib/valgrind/vgpreload_memcheck-amd64-linux.so)
==5069==    by 0x108A2A: create_node (in /home/sophie/cpsc259/lab3/lab3)
==5069==    by 0x10895F: main (in /home/sophie/cpsc259/lab3/lab3)
==5069==  Address 0x522f3e6 is 0 bytes after a block of size 6 alloc'd
==5069==    at 0x4C31B0F: malloc (in /usr/lib/valgrind/vgpreload_memcheck-amd64-linux.so)
==5069==    by 0x108A13: create_node (in /home/sophie/cpsc259/lab3/lab3)
==5069==    by 0x10895F: main (in /home/sophie/cpsc259/lab3/lab3)
==5069== 
==5069== Invalid write of size 1
==5069==    at 0x4C34E0D: strcpy (in /usr/lib/valgrind/vgpreload_memcheck-amd64-linux.so)
==5069==    by 0x108A61: create_node (in /home/sophie/cpsc259/lab3/lab3)
==5069==    by 0x10895F: main (in /home/sophie/cpsc259/lab3/lab3)
==5069==  Address 0x522f439 is 0 bytes after a block of size 9 alloc'd
==5069==    at 0x4C31B0F: malloc (in /usr/lib/valgrind/vgpreload_memcheck-amd64-linux.so)
==5069==    by 0x108A4A: create_node (in /home/sophie/cpsc259/lab3/lab3)
==5069==    by 0x10895F: main (in /home/sophie/cpsc259/lab3/lab3)
==5069== 
==5069== 
==5069== HEAP SUMMARY:
==5069==     in use at exit: 67 bytes in 8 blocks
==5069==   total heap usage: 12 allocs, 4 frees, 259 bytes allocated
==5069== 
==5069== 6 bytes in 1 blocks are definitely lost in loss record 1 of 8
==5069==    at 0x4C31B0F: malloc (in /usr/lib/valgrind/vgpreload_memcheck-amd64-linux.so)
==5069==    by 0x108A13: create_node (in /home/sophie/cpsc259/lab3/lab3)
==5069==    by 0x10895F: main (in /home/sophie/cpsc259/lab3/lab3)
==5069== 
==5069== 7 bytes in 1 blocks are definitely lost in loss record 2 of 8
==5069==    at 0x4C31B0F: malloc (in /usr/lib/valgrind/vgpreload_memcheck-amd64-linux.so)
==5069==    by 0x108A13: create_node (in /home/sophie/cpsc259/lab3/lab3)
==5069==    by 0x1088A7: main (in /home/sophie/cpsc259/lab3/lab3)
==5069== 
==5069== 7 bytes in 1 blocks are definitely lost in loss record 3 of 8
==5069==    at 0x4C31B0F: malloc (in /usr/lib/valgrind/vgpreload_memcheck-amd64-linux.so)
==5069==    by 0x108A4A: create_node (in /home/sophie/cpsc259/lab3/lab3)
==5069==    by 0x1088A7: main (in /home/sophie/cpsc259/lab3/lab3)
==5069== 
==5069== 7 bytes in 1 blocks are definitely lost in loss record 4 of 8
==5069==    at 0x4C31B0F: malloc (in /usr/lib/valgrind/vgpreload_memcheck-amd64-linux.so)
==5069==    by 0x108A4A: create_node (in /home/sophie/cpsc259/lab3/lab3)
==5069==    by 0x108903: main (in /home/sophie/cpsc259/lab3/lab3)
==5069== 
==5069== 9 bytes in 1 blocks are definitely lost in loss record 5 of 8
==5069==    at 0x4C31B0F: malloc (in /usr/lib/valgrind/vgpreload_memcheck-amd64-linux.so)
==5069==    by 0x108A13: create_node (in /home/sophie/cpsc259/lab3/lab3)
==5069==    by 0x10883F: main (in /home/sophie/cpsc259/lab3/lab3)
==5069== 
==5069== 9 bytes in 1 blocks are definitely lost in loss record 6 of 8
==5069==    at 0x4C31B0F: malloc (in /usr/lib/valgrind/vgpreload_memcheck-amd64-linux.so)
==5069==    by 0x108A4A: create_node (in /home/sophie/cpsc259/lab3/lab3)
==5069==    by 0x10883F: main (in /home/sophie/cpsc259/lab3/lab3)
==5069== 
==5069== 9 bytes in 1 blocks are definitely lost in loss record 7 of 8
==5069==    at 0x4C31B0F: malloc (in /usr/lib/valgrind/vgpreload_memcheck-amd64-linux.so)
==5069==    by 0x108A4A: create_node (in /home/sophie/cpsc259/lab3/lab3)
==5069==    by 0x10895F: main (in /home/sophie/cpsc259/lab3/lab3)
==5069== 
==5069== 13 bytes in 1 blocks are definitely lost in loss record 8 of 8
==5069==    at 0x4C31B0F: malloc (in /usr/lib/valgrind/vgpreload_memcheck-amd64-linux.so)
==5069==    by 0x108A13: create_node (in /home/sophie/cpsc259/lab3/lab3)
==5069==    by 0x108903: main (in /home/sophie/cpsc259/lab3/lab3)
==5069== 
==5069== LEAK SUMMARY:
==5069==    definitely lost: 67 bytes in 8 blocks
==5069==    indirectly lost: 0 bytes in 0 blocks
==5069==      possibly lost: 0 bytes in 0 blocks
==5069==    still reachable: 0 bytes in 0 blocks
==5069==         suppressed: 0 bytes in 0 blocks
==5069== 
==5069== For counts of detected and suppressed errors, rerun with: -v
==5069== ERROR SUMMARY: 16 errors from 16 contexts (suppressed: 0 from 0)
